     1                                  bits 32
     2                                  
     3                                  global start        
     4                                  
     5                                  extern exit               
     6                                  import exit msvcrt.dll    
     7                                  
     8                                  segment data use32 class=data
     9                                      
    10                                  
    11                                  
    12                                  segment code use32 class=code
    13                                      start:
    14                                      
    15 00000000 66B80A00                        mov AX, 10
    16 00000004 B107                            mov CL, 7
    17 00000006 F6F1                            div CL
    18                                          
    19 00000008 6A00                            push    dword 0      
    20 0000000A FF15[00000000]                  call    [exit]       
