     1                                  bits 32
     2                                  
     3                                  global start        
     4                                  
     5                                  extern exit               
     6                                  import exit msvcrt.dll    
     7                                  
     8                                  segment data use32 class=data
     9                                      
    10                                  
    11                                  
    12                                  segment code use32 class=code
    13                                      start:
    14                                      
    15 00000000 66BB0001                        mov BX, 256
    16 00000004 B001                            mov AL, 1
    17 00000006 66F7E3                          mul BX
    18                                          
    19 00000009 6A00                            push    dword 0      
    20 0000000B FF15[00000000]                  call    [exit]       
