     1                                  bits 32
     2                                  
     3                                  global start        
     4                                  
     5                                  extern exit               
     6                                  import exit msvcrt.dll    
     7                                  
     8                                  segment data use32 class=data
     9                                      
    10                                  
    11                                  
    12                                  segment code use32 class=code
    13                                      start:
    14                                          
    15 00000000 66B82C01                        mov AX, 300
    16 00000004 66BB0001                        mov BX, 256
    17 00000008 6601D8                          add AX, BX
    18 0000000B 6629D8                          sub AX, BX
    19                                          
    20 0000000E 6A00                            push    dword 0      
    21 00000010 FF15[00000000]                  call    [exit]       
